// Jest Snapshot v1, https://goo.gl/fbAQLP

exports[`Footer component renders Footer 1`] = `
<footer
  className="Footer"
>
  Â© Ollie Comet Productions
</footer>
`;
