// Jest Snapshot v1, https://goo.gl/fbAQLP

exports[`Header component renders Header 1`] = `
<header
  className="Header"
>
  <h1>
    Some Steven Universe Characters
  </h1>
</header>
`;
